1.083: [GC (Allocation Failure) [PSYoungGen: 96256K->9310K(112128K)] 96256K->9398K(369152K), 0.0137916 secs] [Times: user=0.03 sys=0.01, real=0.02 secs] 
1.677: [GC (Allocation Failure) [PSYoungGen: 105566K->8656K(208384K)] 105654K->41520K(465408K), 0.0200199 secs] [Times: user=0.14 sys=0.04, real=0.02 secs] 
1.762: [GC (Metadata GC Threshold) [PSYoungGen: 30062K->4933K(208384K)] 62926K->37805K(465408K), 0.0092068 secs] [Times: user=0.03 sys=0.04, real=0.01 secs] 
1.771: [Full GC (Metadata GC Threshold) [PSYoungGen: 4933K->0K(208384K)] [ParOldGen: 32872K->21132K(178176K)] 37805K->21132K(386560K), [Metaspace: 20955K->20955K(1067008K)], 0.0282869 secs] [Times: user=0.15 sys=0.02, real=0.03 secs] 
3.433: [GC (Allocation Failure) [PSYoungGen: 192512K->9195K(333312K)] 213644K->95871K(511488K), 0.0204382 secs] [Times: user=0.19 sys=0.03, real=0.03 secs] 
3.846: [GC (Metadata GC Threshold) [PSYoungGen: 71957K->9661K(327168K)] 158634K->96345K(505344K), 0.0121550 secs] [Times: user=0.07 sys=0.03, real=0.01 secs] 
3.858: [Full GC (Metadata GC Threshold) [PSYoungGen: 9661K->0K(327168K)] [ParOldGen: 86684K->94897K(335872K)] 96345K->94897K(663040K), [Metaspace: 34896K->34896K(1079296K)], 0.0905633 secs] [Times: user=0.98 sys=0.03, real=0.09 secs] 
8.514: [GC (Allocation Failure) --[PSYoungGen: 317440K->317440K(327168K)] 412337K->979782K(1026560K), 0.1828067 secs] [Times: user=0.78 sys=0.15, real=0.18 secs] 
8.697: [Full GC (Ergonomics) [PSYoungGen: 317440K->0K(327168K)] [ParOldGen: 662342K->198500K(483328K)] 979782K->198500K(810496K), [Metaspace: 48858K->48831K(1091584K)], 0.1513848 secs] [Times: user=1.34 sys=0.02, real=0.15 secs] 
9.572: [GC (Allocation Failure) [PSYoungGen: 317440K->11744K(232960K)] 515940K->299962K(716288K), 0.0204032 secs] [Times: user=0.23 sys=0.00, real=0.02 secs] 
9.765: [GC (Allocation Failure) [PSYoungGen: 232928K->63969K(285184K)] 521146K->363283K(768512K), 0.0167880 secs] [Times: user=0.19 sys=0.00, real=0.01 secs] 
9.956: [GC (Allocation Failure) [PSYoungGen: 285153K->63969K(209408K)] 584467K->385187K(692736K), 0.0231285 secs] [Times: user=0.23 sys=0.04, real=0.02 secs] 
10.105: [GC (Allocation Failure) [PSYoungGen: 209377K->83105K(228864K)] 530595K->405671K(712192K), 0.0181587 secs] [Times: user=0.20 sys=0.00, real=0.01 secs] 
10.236: [GC (Allocation Failure) [PSYoungGen: 228513K->71247K(229888K)] 551079K->403398K(713216K), 0.0221106 secs] [Times: user=0.26 sys=0.00, real=0.02 secs] 
10.365: [GC (Allocation Failure) [PSYoungGen: 187983K->13952K(232960K)] 520134K->422539K(716288K), 0.0692078 secs] [Times: user=0.87 sys=0.00, real=0.07 secs] 
10.434: [Full GC (Ergonomics) [PSYoungGen: 13952K->0K(232960K)] [ParOldGen: 408587K->238768K(581120K)] 422539K->238768K(814080K), [Metaspace: 50071K->50071K(1093632K)], 0.2625613 secs] [Times: user=2.27 sys=0.01, real=0.26 secs] 
12.776: [GC (Allocation Failure) [PSYoungGen: 116736K->16000K(225792K)] 355504K->254776K(806912K), 0.0134961 secs] [Times: user=0.08 sys=0.02, real=0.01 secs] 
13.269: [GC (Allocation Failure) [PSYoungGen: 133760K->2719K(229888K)] 372536K->263083K(811008K), 0.0147321 secs] [Times: user=0.10 sys=0.01, real=0.02 secs] 
13.810: [GC (Allocation Failure) [PSYoungGen: 120479K->8314K(230912K)] 380843K->268840K(812032K), 0.0050598 secs] [Times: user=0.04 sys=0.00, real=0.01 secs] 
14.619: [GC (Allocation Failure) [PSYoungGen: 134266K->4625K(234496K)] 394792K->273088K(815616K), 0.0064387 secs] [Times: user=0.05 sys=0.00, real=0.01 secs] 
15.270: [GC (Allocation Failure) [PSYoungGen: 130577K->8316K(232960K)] 399040K->276867K(814080K), 0.0065555 secs] [Times: user=0.06 sys=0.00, real=0.01 secs] 
17.126: [GC (Allocation Failure) [PSYoungGen: 143484K->3117K(237056K)] 412035K->271676K(818176K), 0.0086579 secs] [Times: user=0.07 sys=0.00, real=0.01 secs] 
18.435: [GC (Allocation Failure) [PSYoungGen: 138285K->18051K(233984K)] 406844K->286618K(815104K), 0.0137812 secs] [Times: user=0.16 sys=0.00, real=0.01 secs] 
25.602: [GC (Allocation Failure) [PSYoungGen: 166531K->17633K(241152K)] 435098K->286208K(822272K), 0.0169428 secs] [Times: user=0.17 sys=0.02, real=0.02 secs] 
Heap
 PSYoungGen      total 241152K, used 134036K [0x00000000eab00000, 0x00000000ff780000, 0x0000000100000000)
  eden space 148