1.129: [GC (Allocation Failure) [PSYoungGen: 96256K->9219K(112128K)] 96256K->9307K(369152K), 0.0109021 secs] [Times: user=0.04 sys=0.01, real=0.01 secs] 
1.742: [GC (Allocation Failure) [PSYoungGen: 105475K->8717K(112128K)] 105563K->25197K(369152K), 0.0195334 secs] [Times: user=0.13 sys=0.04, real=0.02 secs] 
1.837: [GC (Metadata GC Threshold) [PSYoungGen: 25944K->5045K(112128K)] 42424K->21533K(369152K), 0.0086295 secs] [Times: user=0.05 sys=0.00, real=0.01 secs] 
1.846: [Full GC (Metadata GC Threshold) [PSYoungGen: 5045K->0K(112128K)] [ParOldGen: 16488K->21175K(163840K)] 21533K->21175K(275968K), [Metaspace: 20949K->20949K(1067008K)], 0.0326252 secs] [Times: user=0.16 sys=0.01, real=0.03 secs] 
5.172: [GC (Allocation Failure) [PSYoungGen: 96256K->5205K(166400K)] 117431K->59157K(330240K), 0.0172874 secs] [Times: user=0.16 sys=0.01, real=0.02 secs] 
8.272: [GC (Allocation Failure) [PSYoungGen: 165973K->9582K(198144K)] 219925K->112693K(361984K), 0.0263781 secs] [Times: user=0.23 sys=0.04, real=0.03 secs] 
8.603: [GC (Metadata GC Threshold) [PSYoungGen: 42012K->7132K(272896K)] 145124K->110251K(436736K), 0.0106108 secs] [Times: user=0.08 sys=0.05, real=0.01 secs] 
8.614: [Full GC (Metadata GC Threshold) [PSYoungGen: 7132K->0K(272896K)] [ParOldGen: 103119K->108929K(333312K)] 110251K->108929K(606208K), [Metaspace: 34711K->34609K(1079296K)], 0.1028124 secs] [Times: user=1.21 sys=0.04, real=0.10 secs] 
10.423: [GC (Allocation Failure) --[PSYoungGen: 261120K->261120K(272896K)] 370049K->938972K(972288K), 0.2189810 secs] [Times: user=1.44 sys=0.17, real=0.22 secs] 
10.642: [Full GC (Ergonomics) [PSYoungGen: 261120K->0K(272896K)] [ParOldGen: 677852K->216441K(482816K)] 938972K->216441K(755712K), [Metaspace: 48740K->48684K(1093632K)], 0.1491297 secs] [Times: user=1.23 sys=0.03, real=0.15 secs] 
11.436: [GC (Allocation Failure) [PSYoungGen: 261120K->11232K(272384K)] 477561K->286121K(755200K), 0.0156679 secs] [Times: user=0.15 sys=0.00, real=0.01 secs] 
11.661: [GC (Allocation Failure) [PSYoungGen: 272352K->41952K(258048K)] 547241K->354337K(740864K), 0.0219545 secs] [Times: user=0.18 sys=0.08, real=0.03 secs] 
11.859: [GC (Allocation Failure) [PSYoungGen: 258016K->66369K(282624K)] 570401K->378754K(765440K), 0.0204515 secs] [Times: user=0.14 sys=0.05, real=0.02 secs] 
12.048: [GC (Allocation Failure) [PSYoungGen: 282433K->66532K(218112K)] 594818K->407493K(700928K), 0.0256017 secs] [Times: user=0.24 sys=0.07, real=0.03 secs] 
12.196: [GC (Allocation Failure) [PSYoungGen: 218084K->22543K(250368K)] 559045K->410219K(733184K), 0.0212818 secs] [Times: user=0.24 sys=0.00, real=0.02 secs] 
12.720: [GC (Allocation Failure) [PSYoungGen: 174095K->19934K(238080K)] 561771K->437766K(720896K), 0.0216783 secs] [Times: user=0.26 sys=0.00, real=0.02 secs] 
12.742: [Full GC (Ergonomics) [PSYoungGen: 19934K->0K(238080K)] [ParOldGen: 417831K->224688K(554496K)] 437766K->224688K(792576K), [Metaspace: 49613K->49574K(1093632K)], 0.2722478 secs] [Times: user=2.16 sys=0.04, real=0.28 secs] 
13.589: [GC (Allocation Failure) [PSYoungGen: 155648K->5413K(246272K)] 380336K->230110K(800768K), 0.0064723 secs] [Times: user=0.05 sys=0.00, real=0.01 secs] 
14.110: [GC (Allocation Failure) [PSYoungGen: 161061K->4706K(254464K)] 385758K->230278K(808960K), 0.0073857 secs] [Times: user=0.04 sys=0.00, real=0.01 secs] 
15.260: [GC (Allocation Failure) [PSYoungGen: 173666K->8164K(257024K)] 399238K->237925K(811520K), 0.0047487 secs] [Times: user=0.04 sys=0.00, real=0.01 secs] 
16.734: [GC (Allocation Failure) [PSYoungGen: 177124K->3469K(257536K)] 406885K->233237K(812032K), 0.0062901 secs] [Times: user=0.04 sys=0.01, real=0.00 secs] 
18.377: [GC (Allocation Failure) [PSYoungGen: 179597K->35266K(259072K)] 409365K->265042K(813568K), 0.0150902 secs] [Times: user=0.13 sys=0.01, real=0.01 secs] 
19.519: [GC (Allocation Failure) [PSYoungGen: 211394K->34753K(262144K)] 441170K->264537K(816640K), 0.0169583 secs] [Times: user=0.19 sys=0.01, real=0.02 secs] 
Heap
169583 secs] [Times: user=0.19 sys=0.01, real=0.02 secs] 
