1.014: [GC (Allocation Failure) [PSYoungGen: 96256K->9196K(112128K)] 96256K->9284K(369152K), 0.0151057 secs] [Times: user=0.07 sys=0.00, real=0.02 secs] 
1.571: [GC (Allocation Failure) [PSYoungGen: 105452K->8643K(208384K)] 105540K->25123K(465408K), 0.0202979 secs] [Times: user=0.11 sys=0.04, real=0.02 secs] 
1.687: [GC (Metadata GC Threshold) [PSYoungGen: 45277K->5061K(208384K)] 61757K->37933K(465408K), 0.0140954 secs] [Times: user=0.11 sys=0.03, real=0.01 secs] 
1.701: [Full GC (Metadata GC Threshold) [PSYoungGen: 5061K->0K(208384K)] [ParOldGen: 32872K->37597K(182784K)] 37933K->37597K(391168K), [Metaspace: 20957K->20957K(1067008K)], 0.0320801 secs] [Times: user=0.20 sys=0.03, real=0.03 secs] 
3.775: [GC (Allocation Failure) [PSYoungGen: 192512K->10397K(333312K)] 230109K->97154K(516096K), 0.0237350 secs] [Times: user=0.20 sys=0.05, real=0.02 secs] 
4.111: [GC (Metadata GC Threshold) [PSYoungGen: 59982K->8530K(326144K)] 146739K->95296K(508928K), 0.0103675 secs] [Times: user=0.06 sys=0.04, real=0.01 secs] 
4.122: [Full GC (Metadata GC Threshold) [PSYoungGen: 8530K->0K(326144K)] [ParOldGen: 86765K->93765K(314368K)] 95296K->93765K(640512K), [Metaspace: 34962K->34962K(1079296K)], 0.0951548 secs] [Times: user=0.97 sys=0.04, real=0.10 secs] 
8.839: [GC (Allocation Failure) --[PSYoungGen: 317440K->317440K(326144K)] 411205K->979292K(1025536K), 0.2236756 secs] [Times: user=1.18 sys=0.16, real=0.22 secs] 
9.062: [Full GC (Ergonomics) [PSYoungGen: 317440K->0K(326144K)] [ParOldGen: 661852K->198981K(460288K)] 979292K->198981K(786432K), [Metaspace: 49319K->49312K(1093632K)], 0.1379875 secs] [Times: user=1.15 sys=0.01, real=0.14 secs] 
9.914: [GC (Allocation Failure) [PSYoungGen: 317440K->11744K(249344K)] 516421K->286868K(709632K), 0.0284193 secs] [Times: user=0.15 sys=0.05, real=0.03 secs] 
10.127: [GC (Allocation Failure) [PSYoungGen: 249312K->55777K(293376K)] 524436K->359469K(753664K), 0.0230811 secs] [Times: user=0.20 sys=0.01, real=0.02 secs] 
10.353: [GC (Allocation Failure) [PSYoungGen: 293345K->55777K(202240K)] 597037K->390493K(662528K), 0.0355291 secs] [Times: user=0.20 sys=0.05, real=0.04 secs] 
10.512: [GC (Allocation Failure) [PSYoungGen: 202209K->66721K(213504K)] 536925K->402937K(673792K), 0.0176427 secs] [Times: user=0.19 sys=0.00, real=0.02 secs] 
10.636: [GC (Allocation Failure) [PSYoungGen: 213153K->73140K(231424K)] 549369K->412604K(691712K), 0.0215508 secs] [Times: user=0.20 sys=0.01, real=0.02 secs] 
10.871: [GC (Allocation Failure) [PSYoungGen: 194832K->19618K(237056K)] 534297K->431652K(697344K), 0.0357908 secs] [Times: user=0.37 sys=0.02, real=0.04 secs] 
10.907: [Full GC (Ergonomics) [PSYoungGen: 19618K->0K(237056K)] [ParOldGen: 412034K->224803K(556544K)] 431652K->224803K(793600K), [Metaspace: 50083K->50083K(1093632K)], 0.2561471 secs] [Times: user=1.88 sys=0.03, real=0.25 secs] 
13.354: [GC (Allocation Failure) [PSYoungGen: 124928K->13670K(230400K)] 349731K->238482K(786944K), 0.0055241 secs] [Times: user=0.05 sys=0.00, real=0.01 secs] 
13.599: [GC (Allocation Failure) [PSYoungGen: 138254K->4192K(235008K)] 363065K->233956K(791552K), 0.0053295 secs] [Times: user=0.04 sys=0.00, real=0.00 secs] 
14.257: [GC (Allocation Failure) [PSYoungGen: 132192K->9612K(236032K)] 361956K->243489K(792576K), 0.0058794 secs] [Times: user=0.04 sys=0.00, real=0.00 secs] 
15.134: [GC (Allocation Failure) [PSYoungGen: 145804K->8036K(239616K)] 379681K->246840K(796160K), 0.0048812 secs] [Times: user=0.03 sys=0.00, real=0.01 secs] 
16.101: [GC (Allocation Failure) [PSYoungGen: 144228K->3819K(240128K)] 383032K->242631K(796672K), 0.0049291 secs] [Times: user=0.02 sys=0.00, real=0.01 secs] 
18.003: [GC (Allocation Failure) [PSYoungGen: 149227K->2037K(243200K)] 388039K->240857K(799744K), 0.0055768 secs] [Times: user=0.04 sys=0.01, real=0.01 secs] 
18.697: [GC (Allocation Failure) [PSYoungGen: 147445K->35342K(245248K)] 386265K->274171K(801792K), 0.0128897 secs] [Times: user=0.12 sys=0.01, real=0.01 secs] 
19.803: [GC (Allocation Failure) [PSYoungGen: 192014K->35124K(248320K)] 430843K->273960K(804864K), 0.0125724 secs] [Times: user=0.10 sys=0.00, real=0.02 secs] 
21.627: [GC (Allocation Failure) [PSYoungGen: 191796K->37193K(253440K)] 430632K->276037K(809984K), 0.0130162 secs] [Times: user=0.12 sys=0.00, real=0.01 secs] 
Heap
ungGen: 191796K->37193K(253440K)] 430632K->276037K(809984K), 0.0130162 secs] [Times: user=0.12 sys=0.00, real=0.01 secs] 
