1.007: [GC (Allocation Failure) [PSYoungGen: 96256K->9252K(112128K)] 96256K->9340K(369152K), 0.0111509 secs] [Times: user=0.04 sys=0.01, real=0.01 secs] 
1.576: [GC (Allocation Failure) [PSYoungGen: 105508K->8680K(208384K)] 105596K->25160K(465408K), 0.0173035 secs] [Times: user=0.11 sys=0.04, real=0.02 secs] 
1.699: [GC (Metadata GC Threshold) [PSYoungGen: 42716K->5061K(208384K)] 59196K->37933K(465408K), 0.0163675 secs] [Times: user=0.12 sys=0.04, real=0.01 secs] 
1.716: [Full GC (Metadata GC Threshold) [PSYoungGen: 5061K->0K(208384K)] [ParOldGen: 32872K->37592K(184832K)] 37933K->37592K(393216K), [Metaspace: 20955K->20955K(1067008K)], 0.0359802 secs] [Times: user=0.21 sys=0.05, real=0.04 secs] 
8.076: [GC (Allocation Failure) [PSYoungGen: 192512K->9331K(333312K)] 230104K->96084K(518144K), 0.0285495 secs] [Times: user=0.26 sys=0.04, real=0.03 secs] 
8.692: [GC (Metadata GC Threshold) [PSYoungGen: 95265K->8846K(326656K)] 182017K->95606K(511488K), 0.0120766 secs] [Times: user=0.08 sys=0.03, real=0.01 secs] 
8.705: [Full GC (Metadata GC Threshold) [PSYoungGen: 8846K->0K(326656K)] [ParOldGen: 86760K->94210K(308224K)] 95606K->94210K(634880K), [Metaspace: 34619K->34460K(1079296K)], 0.1045518 secs] [Times: user=1.08 sys=0.04, real=0.11 secs] 
10.631: [GC (Allocation Failure) --[PSYoungGen: 316612K->316612K(326656K)] 410823K->1001258K(1026048K), 0.2164001 secs] [Times: user=1.38 sys=0.20, real=0.21 secs] 
10.847: [Full GC (Ergonomics) [PSYoungGen: 316612K->0K(326656K)] [ParOldGen: 684646K->229848K(482304K)] 1001258K->229848K(808960K), [Metaspace: 48902K->48846K(1093632K)], 0.1473439 secs] [Times: user=1.27 sys=0.03, real=0.15 secs] 
11.641: [GC (Allocation Failure) [PSYoungGen: 316664K->11232K(258048K)] 546512K->309754K(740352K), 0.0264462 secs] [Times: user=0.20 sys=0.01, real=0.02 secs] 
11.855: [GC (Allocation Failure) [PSYoungGen: 258016K->51168K(297984K)] 556538K->362755K(780288K), 0.0207104 secs] [Times: user=0.17 sys=0.00, real=0.02 secs] 
12.051: [GC (Allocation Failure) [PSYoungGen: 297952K->51169K(212992K)] 609539K->405267K(695296K), 0.0306230 secs] [Times: user=0.22 sys=0.03, real=0.03 secs] 
12.206: [GC (Allocation Failure) [PSYoungGen: 212961K->65729K(227840K)] 567059K->419924K(710144K), 0.0177749 secs] [Times: user=0.19 sys=0.00, real=0.02 secs] 
12.380: [GC (Allocation Failure) [PSYoungGen: 227521K->78990K(230912K)] 581716K->436265K(713216K), 0.0233605 secs] [Times: user=0.28 sys=0.00, real=0.02 secs] 
13.000: [GC (Allocation Failure) [PSYoungGen: 210062K->9910K(240128K)] 567337K->438535K(722432K), 0.0310247 secs] [Times: user=0.39 sys=0.01, real=0.03 secs] 
13.031: [Full GC (Ergonomics) [PSYoungGen: 9910K->0K(240128K)] [ParOldGen: 428624K->225060K(556032K)] 438535K->225060K(796160K), [Metaspace: 49568K->49534K(1093632K)], 0.2511775 secs] [Times: user=1.86 sys=0.03, real=0.25 secs] 
13.593: [GC (Allocation Failure) [PSYoungGen: 131072K->4630K(236544K)] 356132K->229698K(792576K), 0.0048253 secs] [Times: user=0.04 sys=0.00, real=0.00 secs] 
14.013: [GC (Allocation Failure) [PSYoungGen: 137238K->10038K(239104K)] 362306K->239306K(795136K), 0.0056112 secs] [Times: user=0.04 sys=0.00, real=0.00 secs] 
15.009: [GC (Allocation Failure) [PSYoungGen: 142646K->8164K(236544K)] 371914K->242012K(792576K), 0.0050484 secs] [Times: user=0.03 sys=0.01, real=0.00 secs] 
16.125: [GC (Allocation Failure) [PSYoungGen: 146916K->7042K(239616K)] 380764K->240897K(795648K), 0.0072691 secs] [Times: user=0.04 sys=0.00, real=0.01 secs] 
17.948: [GC (Allocation Failure) [PSYoungGen: 135263K->7438K(241152K)] 369118K->241302K(797184K), 0.0062139 secs] [Times: user=0.04 sys=0.00, real=0.01 secs] 
25.198: [GC (Allocation Failure) [PSYoungGen: 157966K->21987K(244736K)] 391830K->255858K(800768K), 0.0110431 secs] [Times: user=0.12 sys=0.00, real=0.02 secs] 
26.350: [GC (Allocation Failure) [PSYoungGen: 172515K->38460K(252416K)] 406386K->272339K(808448K), 0.0129004 secs] [Times: user=0.14 sys=0.00, real=0.01 secs] 
Heap
 PSYoungGen      total 252416K, used 98558K [0x00000000eab00000, 0x00000000ff600000, 0x0000000100000000)
  eden space 1658